05:20:37 **** Incremental Build of configuration Debug for project FreakyBox ****
make -j16 all 
arm-none-eabi-g++ "../Core/Src/AudioChannel.cpp" -mcpu=cortex-m4 -std=gnu++14 -g3 -DDEBUG -DUSE_HAL_DRIVER -DSTM32F407xx -c -I../Core/Inc -I../Drivers/STM32F4xx_HAL_Driver/Inc -I../Drivers/STM32F4xx_HAL_Driver/Inc/Legacy -I../Drivers/CMSIS/Device/ST/STM32F4xx/Include -I../Drivers/CMSIS/Include -O0 -ffunction-sections -fdata-sections -fno-exceptions -fno-rtti -fno-use-cxa-atexit -Wall -fstack-usage -fcyclomatic-complexity -MMD -MP -MF"Core/Src/AudioChannel.d" -MT"Core/Src/AudioChannel.o" --specs=nano.specs -mfpu=fpv4-sp-d16 -mfloat-abi=hard -mthumb -o "Core/Src/AudioChannel.o"
arm-none-eabi-g++ "../Core/Src/MyMCU.cpp" -mcpu=cortex-m4 -std=gnu++14 -g3 -DDEBUG -DUSE_HAL_DRIVER -DSTM32F407xx -c -I../Core/Inc -I../Drivers/STM32F4xx_HAL_Driver/Inc -I../Drivers/STM32F4xx_HAL_Driver/Inc/Legacy -I../Drivers/CMSIS/Device/ST/STM32F4xx/Include -I../Drivers/CMSIS/Include -O0 -ffunction-sections -fdata-sections -fno-exceptions -fno-rtti -fno-use-cxa-atexit -Wall -fstack-usage -fcyclomatic-complexity -MMD -MP -MF"Core/Src/MyMCU.d" -MT"Core/Src/MyMCU.o" --specs=nano.specs -mfpu=fpv4-sp-d16 -mfloat-abi=hard -mthumb -o "Core/Src/MyMCU.o"
arm-none-eabi-g++ "../Core/Src/Oscillator.cpp" -mcpu=cortex-m4 -std=gnu++14 -g3 -DDEBUG -DUSE_HAL_DRIVER -DSTM32F407xx -c -I../Core/Inc -I../Drivers/STM32F4xx_HAL_Driver/Inc -I../Drivers/STM32F4xx_HAL_Driver/Inc/Legacy -I../Drivers/CMSIS/Device/ST/STM32F4xx/Include -I../Drivers/CMSIS/Include -O0 -ffunction-sections -fdata-sections -fno-exceptions -fno-rtti -fno-use-cxa-atexit -Wall -fstack-usage -fcyclomatic-complexity -MMD -MP -MF"Core/Src/Oscillator.d" -MT"Core/Src/Oscillator.o" --specs=nano.specs -mfpu=fpv4-sp-d16 -mfloat-abi=hard -mthumb -o "Core/Src/Oscillator.o"
arm-none-eabi-g++ -o "FreakyBox.elf" @"objects.list"   -mcpu=cortex-m4 -T"C:\Users\andre\Documents\GitHub\FreakyBox\MCU\FreakyBox\STM32F407VETX_FLASH.ld" --specs=nosys.specs -Wl,-Map="FreakyBox.map" -Wl,--gc-sections -static --specs=nano.specs -mfpu=fpv4-sp-d16 -mfloat-abi=hard -mthumb -Wl,--start-group -lc -lm -lstdc++ -lsupc++ -Wl,--end-group
Finished building target: FreakyBox.elf
 
arm-none-eabi-size  FreakyBox.elf 
arm-none-eabi-objdump -h -S FreakyBox.elf  > "FreakyBox.list"
   text	   data	    bss	    dec	    hex	filename
  14736	     16	   2080	  16832	   41c0	FreakyBox.elf
Finished building: default.size.stdout
 
Finished building: FreakyBox.list
 

05:20:38 Build Finished. 0 errors, 0 warnings. (took 1s.503ms)

